// Vitest Snapshot v1, https://vitest.dev/guide/snapshot.html

exports[`CitationTooltip > basic rendering > should match snapshot 1`] = `
.c0 {
  display: flex;
  align-items: center;
  gap: 8px;
  margin-bottom: 8px;
  cursor: pointer;
}

.c0:hover {
  opacity: 0.8;
}

.c1 {
  color: var(--color-text-1);
  font-size: 14px;
  line-height: 1.4;
  overflow: hidden;
  text-overflow: ellipsis;
  white-space: nowrap;
}

.c2 {
  font-size: 13px;
  line-height: 1.5;
  margin-bottom: 8px;
  overflow: hidden;
  display: -webkit-box;
  -webkit-line-clamp: 3;
  -webkit-box-orient: vertical;
  color: var(--color-text-2);
}

.c3 {
  font-size: 12px;
  color: var(--color-link);
  overflow: hidden;
  text-overflow: ellipsis;
  white-space: nowrap;
  cursor: pointer;
}

.c3:hover {
  text-decoration: underline;
}

<div
  data-color="var(--color-background)"
  data-insp-path="src/renderer/src/pages/home/Markdown/__tests__/CitationTooltip.test.tsx:17:5:div"
  data-placement="top"
  data-styles="{"body":{"border":"1px solid var(--color-border)","padding":"12px","borderRadius":"8px"}}"
  data-testid="tooltip-wrapper"
>
  <span
    data-insp-path="src/renderer/src/pages/home/Markdown/__tests__/CitationTooltip.test.tsx:110:11:span"
  >
    Test content
  </span>
  <div
    data-insp-path="src/renderer/src/pages/home/Markdown/__tests__/CitationTooltip.test.tsx:24:7:div"
    data-testid="tooltip-content"
  >
    <div
      data-insp-path="src/renderer/src/pages/home/Markdown/CitationTooltip.tsx:35:7:div"
    >
      <div
        aria-label="Open Example Article in new tab"
        class="c0"
        data-insp-path="src/renderer/src/pages/home/Markdown/CitationTooltip.tsx:36:9:TooltipHeader"
        role="button"
      >
        <div
          alt="Example Article"
          data-insp-path="src/renderer/src/pages/home/Markdown/__tests__/CitationTooltip.test.tsx:12:28:div"
          data-testid="mock-favicon"
          hostname="example.com"
        />
        <div
          aria-level="3"
          class="c1"
          data-insp-path="src/renderer/src/pages/home/Markdown/CitationTooltip.tsx:38:11:TooltipTitle"
          role="heading"
          title="Example Article"
        >
          Example Article
        </div>
      </div>
      <div
        aria-label="Citation content"
        class="c2"
        data-insp-path="src/renderer/src/pages/home/Markdown/CitationTooltip.tsx:43:11:TooltipBody"
        role="article"
      >
        This is the article content for testing purposes.
      </div>
      <div
        aria-label="Visit example.com"
        class="c3"
        data-insp-path="src/renderer/src/pages/home/Markdown/CitationTooltip.tsx:47:9:TooltipFooter"
        role="button"
      >
        example.com
      </div>
    </div>
  </div>
</div>
`;
