// Vitest Snapshot v1, https://vitest.dev/guide/snapshot.html

exports[`Hyperlink > should match snapshot for normal url 1`] = `
.c2 {
  display: flex;
  align-items: center;
  gap: 8px;
}

.c0 {
  display: flex;
  flex-direction: column;
  background: var(--color-background);
  border: 1px solid var(--color-border);
  border-radius: 8px;
  max-width: 480px;
  min-width: 320px;
  overflow: hidden;
}

.c1 {
  padding: 12px 16px;
  display: flex;
  flex-direction: column;
  gap: 8px;
}

<div>
  <div
    data-arrow="false"
    data-placement="top"
    data-styles="{"body":{"padding":0,"borderRadius":"8px","overflow":"hidden"}}"
    data-testid="popover"
  >
    <div
      data-testid="popover-content"
    >
      <div
        class="c0"
      >
        <div
          class="c1"
        >
          <div
            class="c2"
          >
            <img
              alt="https://example.com/path with space"
              data-hostname="example.com"
              data-testid="favicon"
            />
            <div
              data-testid="title"
            >
              example.com
            </div>
          </div>
          <div
            data-testid="text"
          >
            https://example.com/path with space
          </div>
        </div>
      </div>
    </div>
    <div
      data-testid="popover-children"
    >
      <span>
        Child
      </span>
    </div>
  </div>
</div>
`;
