// Vitest Snapshot v1, https://vitest.dev/guide/snapshot.html

exports[`MinAppIcon > should match snapshot 1`] = `
<img
  src="/test-logo-1.png"
  style="display: block; width: 48px; height: 48px; object-fit: cover; border-radius: 8px; box-shadow: rgba(0, 0, 0, 0.02) 0px 1px 4px; border: 0.5px solid var(--color-border); background-color: rgb(240, 240, 240); opacity: 0.8; transform: scale(1.1);"
/>
`;
