// Vitest Snapshot v1, https://vitest.dev/guide/snapshot.html

exports[`ImageToolButton > should match snapshot 1`] = `
<DocumentFragment>
  <button
    aria-label="Test tooltip"
    data-testid="button"
    radius="full"
    type="button"
  >
    <span
      data-testid="test-icon"
    >
      Icon
    </span>
  </button>
</DocumentFragment>
`;
