// Vitest Snapshot v1, https://vitest.dev/guide/snapshot.html

exports[`SvgPreview > rendering > should match snapshot 1`] = `
<div>
  <div
    data-testid="image-preview-layout"
  >
    <div
      class="svg-preview special-preview"
    />
  </div>
</div>
`;
