// Vitest Snapshot v1, https://vitest.dev/guide/snapshot.html

exports[`GeneralSettingsPanel > basic rendering > should match snapshot 1`] = `
<div
  class="px-4"
>
  <div
    class="mb-6"
  >
    <div
      class="mb-2 flex items-center gap-2 text-sm"
    >
      common.name
    </div>
    <input
      data-testid="name-input"
      placeholder="common.name"
      type="text"
      value="Test Knowledge Base"
    />
  </div>
  <div
    class="mb-6"
  >
    <div
      class="mb-2 flex items-center gap-2 text-sm"
    >
      settings.tool.preprocess.title
      <span
        data-placement="right"
        data-testid="info-tooltip"
      >
        settings.tool.preprocess.tooltip
      </span>
    </div>
    <select
      data-testid="select"
    >
      <option
        value="__none__"
      >
        common.none
      </option>
      <option
        value="doc2x"
      >
        Doc2X
      </option>
      <option
        value="mistral"
      >
        Mistral
      </option>
    </select>
  </div>
  <div
    class="mb-6"
  >
    <div
      class="mb-2 flex items-center gap-2 text-sm"
    >
      models.embedding_model
      <span
        data-placement="right"
        data-testid="info-tooltip"
      >
        models.embedding_model_tooltip
      </span>
    </div>
    <select
      data-has-providers="true"
      data-model-type="embedding"
      data-placeholder="settings.models.empty"
      data-testid="model-selector"
    >
      <option
        value=""
      >
        Select model
      </option>
      <option
        value="openai/text-embedding-3-small"
      >
        text-embedding-3-small
      </option>
      <option
        value="openai/text-embedding-ada-002"
      >
        text-embedding-ada-002
      </option>
    </select>
  </div>
  <div
    class="mb-6"
  >
    <div
      class="mb-2 flex items-center gap-2 text-sm"
    >
      knowledge.dimensions
      <span
        data-placement="right"
        data-testid="info-tooltip"
      >
        knowledge.dimensions_size_tooltip
      </span>
    </div>
    <input
      data-model="text-embedding-3-small"
      data-testid="embedding-dimension-input"
      type="number"
      value=""
    />
  </div>
  <div
    class="mb-6"
  >
    <div
      class="mb-2 flex items-center gap-2 text-sm"
    >
      models.rerank_model
      <span
        data-placement="right"
        data-testid="info-tooltip"
      >
        models.rerank_model_tooltip
      </span>
    </div>
    <select
      data-allow-clear="true"
      data-has-providers="true"
      data-model-type="rerank"
      data-placeholder="settings.models.empty"
      data-testid="model-selector"
    >
      <option
        value=""
      >
        Select model
      </option>
      <option
        value="openai/rerank-model"
      >
        rerank-model
      </option>
      <option
        value="cohere/rerank-english-v2.0"
      >
        rerank-english-v2.0
      </option>
    </select>
  </div>
  <div
    class="mb-6"
  >
    <div
      class="mb-2 flex items-center gap-2 text-sm"
    >
      knowledge.document_count
      <span
        data-placement="right"
        data-testid="info-tooltip"
      >
        knowledge.document_count_help
      </span>
    </div>
    <input
      class="w-full"
      data-testid="document-count-slider"
      max="50"
      min="1"
      step="1"
      type="range"
      value="6"
    />
    <div
      class="mt-2 -mx-1.5 flex items-center justify-between text-muted-foreground text-xs"
    >
      <span>
        1
      </span>
      <span>
        knowledge.document_count_default
      </span>
      <span>
        30
      </span>
      <span>
        50
      </span>
    </div>
  </div>
</div>
`;
