// Vitest Snapshot v1, https://vitest.dev/guide/snapshot.html

exports[`InputEmbeddingDimension > basic rendering > should match snapshot with all props 1`] = `
<div
  class="ant-space-compact css-dev-only-do-not-override-l9pxc0"
  style="width: 100%;"
>
  <div
    class="ant-input-number css-dev-only-do-not-override-l9pxc0 ant-input-number-outlined ant-input-number-compact-item ant-input-number-compact-first-item"
    style="flex: 1;"
  >
    <div
      class="ant-input-number-handler-wrap"
    >
      <span
        aria-disabled="false"
        aria-label="Increase Value"
        class="ant-input-number-handler ant-input-number-handler-up"
        role="button"
        unselectable="on"
      >
        <span
          aria-label="up"
          class="anticon anticon-up ant-input-number-handler-up-inner"
          role="img"
        >
          <svg
            aria-hidden="true"
            data-icon="up"
            fill="currentColor"
            focusable="false"
            height="1em"
            viewBox="64 64 896 896"
            width="1em"
          >
            <path
              d="M890.5 755.3L537.9 269.2c-12.8-17.6-39-17.6-51.7 0L133.5 755.3A8 8 0 00140 768h75c5.1 0 9.9-2.5 12.9-6.6L512 369.8l284.1 391.6c3 4.1 7.8 6.6 12.9 6.6h75c6.5 0 10.3-7.4 6.5-12.7z"
            />
          </svg>
        </span>
      </span>
      <span
        aria-disabled="false"
        aria-label="Decrease Value"
        class="ant-input-number-handler ant-input-number-handler-down"
        role="button"
        unselectable="on"
      >
        <span
          aria-label="down"
          class="anticon anticon-down ant-input-number-handler-down-inner"
          role="img"
        >
          <svg
            aria-hidden="true"
            data-icon="down"
            fill="currentColor"
            focusable="false"
            height="1em"
            viewBox="64 64 896 896"
            width="1em"
          >
            <path
              d="M884 256h-75c-5.1 0-9.9 2.5-12.9 6.6L512 654.2 227.9 262.6c-3-4.1-7.8-6.6-12.9-6.6h-75c-6.5 0-10.3 7.4-6.5 12.7l352.6 486.1c12.8 17.6 39 17.6 51.7 0l352.6-486.1c3.9-5.3.1-12.7-6.4-12.7z"
            />
          </svg>
        </span>
      </span>
    </div>
    <div
      class="ant-input-number-input-wrap"
    >
      <input
        aria-valuemin="1"
        aria-valuenow="1536"
        autocomplete="off"
        class="ant-input-number-input"
        placeholder="请输入维度大小"
        role="spinbutton"
        step="1"
        value="1536"
      />
    </div>
  </div>
  <div
    data-content="自动设置维度"
    data-show-arrow="true"
    data-testid="tooltip"
  >
    <button
      aria-label="Get embedding dimension"
      class="ant-btn css-dev-only-do-not-override-l9pxc0 ant-btn-default ant-btn-color-default ant-btn-variant-outlined ant-btn-icon-only ant-btn-compact-item ant-btn-compact-last-item"
      role="button"
      type="button"
    >
      <span
        class="ant-btn-icon"
      >
        <svg
          aria-label="refresh"
          class=""
          data-testid="refresh-icon"
          role="img"
          size="16"
        >
          RefreshIcon
        </svg>
      </span>
    </button>
  </div>
</div>
`;

exports[`InputEmbeddingDimension > basic rendering > should match snapshot with loading state 1`] = `
<div
  data-testid="space-compact"
  style="width: 100%;"
>
  <input
    data-testid="input-number"
    placeholder="请输入维度大小"
    style="flex: 1;"
    type="number"
    value=""
  />
  <div
    data-testid="tooltip"
    data-title="自动设置维度"
  >
    <button
      aria-label="Get embedding dimension"
      disabled=""
      role="button"
      type="button"
    >
      <svg
        aria-label="refresh"
        class="animation-rotate"
        data-testid="refresh-icon"
        role="img"
        size="16"
      >
        RefreshIcon
      </svg>
    </button>
  </div>
</div>
`;
